{
    "Fasta, no samtools dict": {
        "content": [
            {
                "0": [
                    [
                        {
                            "id": "test",
                            "n_sequences": 2,
                            "total_length": 120000,
                            "max_length": 100000
                        },
                        "test.fasta.gz:md5,98d5e780a6f3f2de9d39975b1da35770"
                    ]
                ],
                "1": [
                    [
                        {
                            "id": "test",
                            "n_sequences": 2,
                            "total_length": 120000,
                            "max_length": 100000
                        },
                        "test.fasta.gz.fai:md5,b06764409235a56937858f27d0fbcba1"
                    ]
                ],
                "2": [
                    
                ],
                "3": [
                    [
                        {
                            "id": "test",
                            "n_sequences": 2,
                            "total_length": 120000,
                            "max_length": 100000
                        },
                        "test.fasta.gz.gzi:md5,f19039955fe3e557edfde4e1ada9c3aa"
                    ]
                ],
                "4": [
                    [
                        {
                            "id": "test",
                            "n_sequences": 2,
                            "total_length": 120000,
                            "max_length": 100000
                        },
                        "test.fasta.gz.sizes:md5,b97484621ac24f30ef46ac296349bcc3"
                    ]
                ],
                "dict": [
                    
                ],
                "faidx": [
                    [
                        {
                            "id": "test",
                            "n_sequences": 2,
                            "total_length": 120000,
                            "max_length": 100000
                        },
                        "test.fasta.gz.fai:md5,b06764409235a56937858f27d0fbcba1"
                    ]
                ],
                "fasta_gz": [
                    [
                        {
                            "id": "test",
                            "n_sequences": 2,
                            "total_length": 120000,
                            "max_length": 100000
                        },
                        "test.fasta.gz:md5,98d5e780a6f3f2de9d39975b1da35770"
                    ]
                ],
                "gzi": [
                    [
                        {
                            "id": "test",
                            "n_sequences": 2,
                            "total_length": 120000,
                            "max_length": 100000
                        },
                        "test.fasta.gz.gzi:md5,f19039955fe3e557edfde4e1ada9c3aa"
                    ]
                ],
                "sizes": [
                    [
                        {
                            "id": "test",
                            "n_sequences": 2,
                            "total_length": 120000,
                            "max_length": 100000
                        },
                        "test.fasta.gz.sizes:md5,b97484621ac24f30ef46ac296349bcc3"
                    ]
                ]
            }
        ],
        "meta": {
            "nf-test": "0.9.3",
            "nextflow": "25.10.2"
        },
        "timestamp": "2026-02-27T17:19:43.573119355"
    },
    "Fasta, no samtools dict - stub": {
        "content": [
            {
                "0": [
                    [
                        {
                            "id": "test",
                            "n_sequences": 0,
                            "total_length": 0
                        },
                        "test.gz:md5,68b329da9893e34099c7d8ad5cb9c940"
                    ]
                ],
                "1": [
                    [
                        {
                            "id": "test",
                            "n_sequences": 0,
                            "total_length": 0
                        },
                        "test.gz.fai:md5,d41d8cd98f00b204e9800998ecf8427e"
                    ]
                ],
                "2": [
                    
                ],
                "3": [
                    [
                        {
                            "id": "test",
                            "n_sequences": 0,
                            "total_length": 0
                        },
                        "test.gz.gzi:md5,d41d8cd98f00b204e9800998ecf8427e"
                    ]
                ],
                "4": [
                    [
                        {
                            "id": "test",
                            "n_sequences": 0,
                            "total_length": 0
                        },
                        "test.gz.sizes:md5,d41d8cd98f00b204e9800998ecf8427e"
                    ]
                ],
                "dict": [
                    
                ],
                "faidx": [
                    [
                        {
                            "id": "test",
                            "n_sequences": 0,
                            "total_length": 0
                        },
                        "test.gz.fai:md5,d41d8cd98f00b204e9800998ecf8427e"
                    ]
                ],
                "fasta_gz": [
                    [
                        {
                            "id": "test",
                            "n_sequences": 0,
                            "total_length": 0
                        },
                        "test.gz:md5,68b329da9893e34099c7d8ad5cb9c940"
                    ]
                ],
                "gzi": [
                    [
                        {
                            "id": "test",
                            "n_sequences": 0,
                            "total_length": 0
                        },
                        "test.gz.gzi:md5,d41d8cd98f00b204e9800998ecf8427e"
                    ]
                ],
                "sizes": [
                    [
                        {
                            "id": "test",
                            "n_sequences": 0,
                            "total_length": 0
                        },
                        "test.gz.sizes:md5,d41d8cd98f00b204e9800998ecf8427e"
                    ]
                ]
            }
        ],
        "meta": {
            "nf-test": "0.9.3",
            "nextflow": "25.10.2"
        },
        "timestamp": "2026-02-27T17:25:20.245024652"
    },
    "Fasta, with samtools dict": {
        "content": [
            {
                "0": [
                    [
                        {
                            "id": "test",
                            "n_sequences": 2,
                            "total_length": 120000,
                            "max_length": 100000
                        },
                        "test.fasta.gz:md5,98d5e780a6f3f2de9d39975b1da35770"
                    ]
                ],
                "1": [
                    [
                        {
                            "id": "test",
                            "n_sequences": 2,
                            "total_length": 120000,
                            "max_length": 100000
                        },
                        "test.fasta.gz.fai:md5,b06764409235a56937858f27d0fbcba1"
                    ]
                ],
                "2": [
                    [
                        {
                            "id": "test",
                            "n_sequences": 2,
                            "total_length": 120000,
                            "max_length": 100000
                        },
                        "test.fasta.gz.dict:md5,0d58e0ea945e40900daba4492fea6d14"
                    ]
                ],
                "3": [
                    [
                        {
                            "id": "test",
                            "n_sequences": 2,
                            "total_length": 120000,
                            "max_length": 100000
                        },
                        "test.fasta.gz.gzi:md5,f19039955fe3e557edfde4e1ada9c3aa"
                    ]
                ],
                "4": [
                    [
                        {
                            "id": "test",
                            "n_sequences": 2,
                            "total_length": 120000,
                            "max_length": 100000
                        },
                        "test.fasta.gz.sizes:md5,b97484621ac24f30ef46ac296349bcc3"
                    ]
                ],
                "dict": [
                    [
                        {
                            "id": "test",
                            "n_sequences": 2,
                            "total_length": 120000,
                            "max_length": 100000
                        },
                        "test.fasta.gz.dict:md5,0d58e0ea945e40900daba4492fea6d14"
                    ]
                ],
                "faidx": [
                    [
                        {
                            "id": "test",
                            "n_sequences": 2,
                            "total_length": 120000,
                            "max_length": 100000
                        },
                        "test.fasta.gz.fai:md5,b06764409235a56937858f27d0fbcba1"
                    ]
                ],
                "fasta_gz": [
                    [
                        {
                            "id": "test",
                            "n_sequences": 2,
                            "total_length": 120000,
                            "max_length": 100000
                        },
                        "test.fasta.gz:md5,98d5e780a6f3f2de9d39975b1da35770"
                    ]
                ],
                "gzi": [
                    [
                        {
                            "id": "test",
                            "n_sequences": 2,
                            "total_length": 120000,
                            "max_length": 100000
                        },
                        "test.fasta.gz.gzi:md5,f19039955fe3e557edfde4e1ada9c3aa"
                    ]
                ],
                "sizes": [
                    [
                        {
                            "id": "test",
                            "n_sequences": 2,
                            "total_length": 120000,
                            "max_length": 100000
                        },
                        "test.fasta.gz.sizes:md5,b97484621ac24f30ef46ac296349bcc3"
                    ]
                ]
            }
        ],
        "meta": {
            "nf-test": "0.9.3",
            "nextflow": "25.10.2"
        },
        "timestamp": "2026-02-27T17:22:36.74156757"
    },
    "Fasta, with samtools dict - stub": {
        "content": [
            {
                "0": [
                    [
                        {
                            "id": "test",
                            "n_sequences": 0,
                            "total_length": 0
                        },
                        "test.gz:md5,68b329da9893e34099c7d8ad5cb9c940"
                    ]
                ],
                "1": [
                    [
                        {
                            "id": "test",
                            "n_sequences": 0,
                            "total_length": 0
                        },
                        "test.gz.fai:md5,d41d8cd98f00b204e9800998ecf8427e"
                    ]
                ],
                "2": [
                    [
                        {
                            "id": "test",
                            "n_sequences": 0,
                            "total_length": 0
                        },
                        "test.gz.dict:md5,d41d8cd98f00b204e9800998ecf8427e"
                    ]
                ],
                "3": [
                    [
                        {
                            "id": "test",
                            "n_sequences": 0,
                            "total_length": 0
                        },
                        "test.gz.gzi:md5,d41d8cd98f00b204e9800998ecf8427e"
                    ]
                ],
                "4": [
                    [
                        {
                            "id": "test",
                            "n_sequences": 0,
                            "total_length": 0
                        },
                        "test.gz.sizes:md5,d41d8cd98f00b204e9800998ecf8427e"
                    ]
                ],
                "dict": [
                    [
                        {
                            "id": "test",
                            "n_sequences": 0,
                            "total_length": 0
                        },
                        "test.gz.dict:md5,d41d8cd98f00b204e9800998ecf8427e"
                    ]
                ],
                "faidx": [
                    [
                        {
                            "id": "test",
                            "n_sequences": 0,
                            "total_length": 0
                        },
                        "test.gz.fai:md5,d41d8cd98f00b204e9800998ecf8427e"
                    ]
                ],
                "fasta_gz": [
                    [
                        {
                            "id": "test",
                            "n_sequences": 0,
                            "total_length": 0
                        },
                        "test.gz:md5,68b329da9893e34099c7d8ad5cb9c940"
                    ]
                ],
                "gzi": [
                    [
                        {
                            "id": "test",
                            "n_sequences": 0,
                            "total_length": 0
                        },
                        "test.gz.gzi:md5,d41d8cd98f00b204e9800998ecf8427e"
                    ]
                ],
                "sizes": [
                    [
                        {
                            "id": "test",
                            "n_sequences": 0,
                            "total_length": 0
                        },
                        "test.gz.sizes:md5,d41d8cd98f00b204e9800998ecf8427e"
                    ]
                ]
            }
        ],
        "meta": {
            "nf-test": "0.9.3",
            "nextflow": "25.10.2"
        },
        "timestamp": "2026-02-27T17:27:58.280100183"
    }
}